I'm sorry, but errors were detected in your script. Please correct the
errors listed below, and try again.


File "game/gui.rpy", line 89: expected statement.
    config.main_menu_music = "main_theme.wav"
                           ^

File "game/options.rpy", line 65: expected statement.
    config.main_menu_music = "music/main_music.wav"
                           ^

Ren'Py Version: Ren'Py 7.4.11.2266
Sun Feb 20 20:46:30 2022
